I'm sorry, but errors were detected in your script. Please correct the
errors listed below, and try again.


File "game/script.rpy", line 55: Line is indented, but the preceding say statement statement does not expect a block. Please check this line's indentation. You may have forgotten a colon (:).
    jump itogo
    ^

Ren'Py Version: Ren'Py 8.1.1.23060707
Sat Jun 24 22:55:18 2023
